
> copy-of-neo-ordinary-glass-dimension(coworking-with-woona)ver.2@0.0.0 build
> vite build

[36mvite v6.4.1 [32mbuilding for production...[36m[39m
transforming...
[32m??[39m 2609 modules transformed.
